
> my-project@0.1.0 build
> next build

ΓÜá Warning: Next.js inferred your workspace root, but it may not be correct.
 We detected multiple lockfiles and selected the directory of C:\Users\micha\package-lock.json as the root directory.
 To silence this warning, set `turbopack.root` in your Next.js config, or consider removing one of the lockfiles if it's not needed.
   See https://nextjs.org/docs/app/api-reference/config/next-config-js/turbopack#root-directory for more information.
 Detected additional lockfiles: 
   * C:\Users\micha\.antigravity\v0-plumbing-landing-page\package-lock.json

Γû▓ Next.js 16.1.6 (Turbopack)

  Creating an optimized production build ...
Γ£ô Compiled successfully in 25.0s
  Running TypeScript ...
Failed to compile.

./app/services/page.tsx:121:187
Type error: Property 'featured' does not exist on type '{ id: string; icon: ForwardRefExoticComponent<Omit<LucideProps, "ref"> & RefAttributes<SVGSVGElement>>; titleEn: string; titleDe: string; descEn: string; descDe: string; }'.

  119 |                 animate={{ opacity: 1, scale: 1 }}
  120 |                 transition={{ delay: idx * 0.05 }}
> 121 |                 className={`group bg-white rounded-[2.5rem] border border-slate-200 shadow-sm hover:shadow-xl transition-all hover:-translate-y-1 overflow-hidden flex flex-col ${service.featured ? 'lg:col-span-2 lg:row-span-1' : ''}`}
      |                                                                                                                                                                                           ^
  122 |               >
  123 |                 {service.image && (
  124 |                   <div className="relative h-64 w-full overflow-hidden">
Next.js build worker exited with code: 1 and signal: null
