ΓÜá Warning: Next.js inferred your workspace root, but it may not be correct.
 We detected multiple lockfiles and selected the directory of C:\Users\micha\package-lock.json as the root directory.
 To silence this warning, set `turbopack.root` in your Next.js config, or consider removing one of the lockfiles if it's not needed.
   See https://nextjs.org/docs/app/api-reference/config/next-config-js/turbopack#root-directory for more information.
 Detected additional lockfiles: 
   * C:\Users\micha\.antigravity\v0-plumbing-landing-page\package-lock.json

Γû▓ Next.js 16.1.6 (Turbopack)

  Creating an optimized production build ...

> Build error occurred
Error: Turbopack build failed with 1 errors:
./.antigravity/v0-plumbing-landing-page/components/hero-section.tsx:384:21
Parsing ecmascript source code failed
  382 |
  383 |                       </div>
> 384 |                     )}
      |                     ^
  385 |
  386 |                     {isSubmitting && (
  387 |                       <motion.div

Expected '</', got ')'

Import traces:
  Client Component Browser:
    ./.antigravity/v0-plumbing-landing-page/components/hero-section.tsx [Client Component Browser]
    ./.antigravity/v0-plumbing-landing-page/app/page.tsx [Client Component Browser]
    ./.antigravity/v0-plumbing-landing-page/app/page.tsx [Server Component]

  Client Component SSR:
    ./.antigravity/v0-plumbing-landing-page/components/hero-section.tsx [Client Component SSR]
    ./.antigravity/v0-plumbing-landing-page/app/page.tsx [Client Component SSR]
    ./.antigravity/v0-plumbing-landing-page/app/page.tsx [Server Component]


    at <unknown> (./.antigravity/v0-plumbing-landing-page/components/hero-section.tsx:384:21)
